[1026/172405.612:INFO:CONSOLE(123)] "Event handler of 'x-storagemutated-1' event must be added on the initial evaluation of worker script.", source: https://static.whatsapp.net/rsrc.php/v3/yN/r/7KkY-Br6kLw.js (123)
[1026/172405.768:INFO:CONSOLE(0)] "Error with Permissions-Policy header: Feature xr-spatial-tracking's parameters are ignored.", source:  (0)
[1026/172405.768:INFO:CONSOLE(0)] "Error with Permissions-Policy header: Origin trial controlled feature not enabled: 'attribution-reporting'.", source:  (0)
[1026/172405.768:INFO:CONSOLE(0)] "Error with Permissions-Policy header: Unrecognized feature: 'compute-pressure'.", source:  (0)
[1026/172405.768:INFO:CONSOLE(0)] "Error with Permissions-Policy header: Origin trial controlled feature not enabled: 'interest-cohort'.", source:  (0)
[1026/172405.768:INFO:CONSOLE(0)] "Error with Permissions-Policy header: Unrecognized feature: 'private-state-token-issuance'.", source:  (0)
[1026/172405.768:INFO:CONSOLE(0)] "Error with Permissions-Policy header: Origin trial controlled feature not enabled: 'shared-storage'.", source:  (0)
[1026/172405.768:INFO:CONSOLE(0)] "Error with Permissions-Policy header: Unrecognized feature: 'shared-storage-select-url'.", source:  (0)
[1026/172405.768:INFO:CONSOLE(0)] "Error with Permissions-Policy header: Unrecognized feature: 'private-state-token-redemption'.", source:  (0)
[1026/172405.769:INFO:CONSOLE(0)] "Error with Permissions-Policy header: Unrecognized feature: 'unload'.", source:  (0)
[1026/172405.769:INFO:CONSOLE(0)] "Error with Permissions-Policy header: Unrecognized feature: 'window-management'.", source:  (0)
[1026/172410.495:INFO:CONSOLE(344)] "WAWebLoggerWorker initialized", source: https://static.whatsapp.net/rsrc.php/v3/yA/r/rvYuhWdd88W.js (344)
[1026/172410.495:INFO:CONSOLE(344)] "[storage] start setSchemaVersions from fts worker interface", source: https://static.whatsapp.net/rsrc.php/v3/yA/r/rvYuhWdd88W.js (344)
[1026/172410.495:INFO:CONSOLE(344)] "[storage] set schema versions: [model-storage,160,fts-storage,8,jobs-storage,1,lru-media-storage-idb,2,offd-storage,4,qpl-storage,0,signal-storage,6,worker-storage,1,sw,2,wawc,14,wawc_db_enc,2]. is worker? true", source: https://static.whatsapp.net/rsrc.php/v3/yA/r/rvYuhWdd88W.js (344)
[1026/172412.036:INFO:CONSOLE(344)] "FTS:Delegate: start indexer", source: https://static.whatsapp.net/rsrc.php/v3/yA/r/rvYuhWdd88W.js (344)
[1026/172412.037:INFO:CONSOLE(344)] "FTS:Delegate: start perform init", source: https://static.whatsapp.net/rsrc.php/v3/yA/r/rvYuhWdd88W.js (344)
[1026/172412.037:INFO:CONSOLE(344)] "FTS:Delegate: schema versions ready", source: https://static.whatsapp.net/rsrc.php/v3/yA/r/rvYuhWdd88W.js (344)
[1026/172412.037:INFO:CONSOLE(344)] "FTS:Delegate: before db initialization", source: https://static.whatsapp.net/rsrc.php/v3/yA/r/rvYuhWdd88W.js (344)
[1026/172412.039:INFO:CONSOLE(344)] "[storage] applying schema versions from [0 to 8] for the database: 'fts-storage'", source: https://static.whatsapp.net/rsrc.php/v3/yA/r/rvYuhWdd88W.js (344)
[1026/172412.079:INFO:CONSOLE(344)] "[storage] applying schema versions from [0 to 160] for the database: 'model-storage'", source: https://static.whatsapp.net/rsrc.php/v3/yA/r/rvYuhWdd88W.js (344)
[1026/172414.948:INFO:CONSOLE(344)] "FTS:Delegate: after db initialization", source: https://static.whatsapp.net/rsrc.php/v3/yA/r/rvYuhWdd88W.js (344)
[1026/172414.952:INFO:CONSOLE(344)] "FTS:Manifest Writer: No changes made, current:['3.1', '1'], latest:['3.1', '1']", source: https://static.whatsapp.net/rsrc.php/v3/yA/r/rvYuhWdd88W.js (344)
[1026/172414.953:INFO:CONSOLE(344)] "FTS:Delegate: Inited", source: https://static.whatsapp.net/rsrc.php/v3/yA/r/rvYuhWdd88W.js (344)
[1026/172414.953:INFO:CONSOLE(344)] "FTS:Delegate: Init indexing ops", source: https://static.whatsapp.net/rsrc.php/v3/yA/r/rvYuhWdd88W.js (344)
[1026/172414.963:INFO:CONSOLE(344)] "FTS:Indexer:indexQueuedBatch: Starting new batch size : 1000", source: https://static.whatsapp.net/rsrc.php/v3/yA/r/rvYuhWdd88W.js (344)
[1026/172414.966:INFO:CONSOLE(344)] "FTS:Indexer:indexQueuedBatch: Completed", source: https://static.whatsapp.net/rsrc.php/v3/yA/r/rvYuhWdd88W.js (344)
[1026/172431.631:INFO:CONSOLE(344)] "FTS:Indexer:indexQueuedBatch: Starting new batch size : 1000", source: https://static.whatsapp.net/rsrc.php/v3/yA/r/rvYuhWdd88W.js (344)
[1026/172431.824:INFO:CONSOLE(344)] "FTS:Indexer:indexQueuedBatch: Completed batch", source: https://static.whatsapp.net/rsrc.php/v3/yA/r/rvYuhWdd88W.js (344)
[1026/172431.824:INFO:CONSOLE(344)] "FTS:Indexer:indexQueuedBatch: Completed", source: https://static.whatsapp.net/rsrc.php/v3/yA/r/rvYuhWdd88W.js (344)
[1026/173844.730:INFO:CONSOLE(344)] "FTS:Indexer:indexQueuedBatch: Starting new batch size : 1000", source: https://static.whatsapp.net/rsrc.php/v3/yA/r/rvYuhWdd88W.js (344)
[1026/173844.732:INFO:CONSOLE(344)] "FTS:Indexer:indexQueuedBatch: Completed batch", source: https://static.whatsapp.net/rsrc.php/v3/yA/r/rvYuhWdd88W.js (344)
[1026/173844.742:INFO:CONSOLE(344)] "FTS:Indexer:indexQueuedBatch: Completed", source: https://static.whatsapp.net/rsrc.php/v3/yA/r/rvYuhWdd88W.js (344)
[1026/174126.477:INFO:CONSOLE(344)] "FTS:Indexer:indexQueuedBatch: Starting new batch size : 1000", source: https://static.whatsapp.net/rsrc.php/v3/yA/r/rvYuhWdd88W.js (344)
[1026/174126.509:INFO:CONSOLE(344)] "FTS:Indexer:indexQueuedBatch: Completed batch", source: https://static.whatsapp.net/rsrc.php/v3/yA/r/rvYuhWdd88W.js (344)
[1026/174126.510:INFO:CONSOLE(344)] "FTS:Indexer:indexQueuedBatch: Completed", source: https://static.whatsapp.net/rsrc.php/v3/yA/r/rvYuhWdd88W.js (344)
[1026/213001.439:INFO:CONSOLE(123)] "Event handler of 'x-storagemutated-1' event must be added on the initial evaluation of worker script.", source: https://static.whatsapp.net/rsrc.php/v3/yN/r/7KkY-Br6kLw.js (123)
[1026/213008.801:INFO:CONSOLE(0)] "Error with Permissions-Policy header: Feature xr-spatial-tracking's parameters are ignored.", source:  (0)
[1026/213008.801:INFO:CONSOLE(0)] "Error with Permissions-Policy header: Origin trial controlled feature not enabled: 'attribution-reporting'.", source:  (0)
[1026/213008.802:INFO:CONSOLE(0)] "Error with Permissions-Policy header: Unrecognized feature: 'compute-pressure'.", source:  (0)
[1026/213008.802:INFO:CONSOLE(0)] "Error with Permissions-Policy header: Origin trial controlled feature not enabled: 'interest-cohort'.", source:  (0)
[1026/213008.802:INFO:CONSOLE(0)] "Error with Permissions-Policy header: Unrecognized feature: 'private-state-token-issuance'.", source:  (0)
[1026/213008.802:INFO:CONSOLE(0)] "Error with Permissions-Policy header: Origin trial controlled feature not enabled: 'shared-storage'.", source:  (0)
[1026/213008.802:INFO:CONSOLE(0)] "Error with Permissions-Policy header: Unrecognized feature: 'shared-storage-select-url'.", source:  (0)
[1026/213008.802:INFO:CONSOLE(0)] "Error with Permissions-Policy header: Unrecognized feature: 'private-state-token-redemption'.", source:  (0)
[1026/213008.802:INFO:CONSOLE(0)] "Error with Permissions-Policy header: Unrecognized feature: 'unload'.", source:  (0)
[1026/213008.803:INFO:CONSOLE(0)] "Error with Permissions-Policy header: Unrecognized feature: 'window-management'.", source:  (0)
